[36mvite v5.4.21 [32mbuilding for production...[36m[39m
transforming...
vite.exe : 
At line:1 char:199
+ ... pi/dashboard-v2'; & '.\node_modules\.bin\vite.exe' build 2>&1 | Out-F ...
+                       ~~~~~~~~~~~~~~~~~~~~~~~~~~~~~~~~~~~~~~~~~~~
    + CategoryInfo          : NotSpecified: (:String) [], RemoteException
    + FullyQualifiedErrorId : NativeCommandError
 
/dashboard/v2/brand-mark.png referenced in /dashboard/v2/brand-mark.png didn't resolve at build time, it will remain 
unchanged to be resolved at runtime
[32m✓[39m 232 modules transformed.
rendering chunks...
computing gzip size...
[2mdist/[22m[32mindex.html                                                               [39m[1m[2m  1.78 kB[22m[1m[22m[2m │ gzip:   0.82 kB[22m
[2mdist/[22m[32massets/jetbrains-mono-vietnamese-wght-normal-Bt-aOZkq.woff2              [39m[1m[2m  7.50 kB[22m[1m[22m
[2mdist/[22m[32massets/jetbrains-mono-greek-wght-normal-Bw9x6K1M.woff2                   [39m[1m[2m  9.00 kB[22m[1m[22m
[2mdist/[22m[32massets/inter-vietnamese-wght-normal-CBcvBZtf.woff2                       [39m[1m[2m 10.25 kB[22m[1m[22m
[2mdist/[22m[32massets/inter-greek-ext-wght-normal-DlzME5K_.woff2                        [39m[1m[2m 11.23 kB[22m[1m[22m
[2mdist/[22m[32massets/jetbrains-mono-cyrillic-wght-normal-D73BlboJ.woff2                [39m[1m[2m 12.11 kB[22m[1m[22m
[2mdist/[22m[32massets/jetbrains-mono-latin-ext-wght-normal-DBQx-q_a.woff2               [39m[1m[2m 15.20 kB[22m[1m[22m
[2mdist/[22m[32massets/inter-cyrillic-wght-normal-DqGufNeO.woff2                         [39m[1m[2m 18.75 kB[22m[1m[22m
[2mdist/[22m[32massets/inter-greek-wght-normal-CkhJZR-_.woff2                            [39m[1m[2m 19.00 kB[22m[1m[22m
[2mdist/[22m[32massets/inter-cyrillic-ext-wght-normal-BOeWTOD4.woff2                     [39m[1m[2m 25.96 kB[22m[1m[22m
[2mdist/[22m[32massets/jetbrains-mono-latin-wght-normal-B9CIFXIH.woff2                   [39m[1m[2m 40.40 kB[22m[1m[22m
[2mdist/[22m[32massets/inter-latin-wght-normal-Dx4kXJAl.woff2                            [39m[1m[2m 48.26 kB[22m[1m[22m
[2mdist/[22m[32massets/inter-latin-ext-wght-normal-DO1Apj_S.woff2                        [39m[1m[2m 85.07 kB[22m[1m[22m
[2mdist/[22m[35massets/NctMascotScene-BNYzvkHD.css                                       [39m[1m[2m  2.61 kB[22m[1m[22m[2m │ gzip:   0.87 kB[22m
[2mdist/[22m[35massets/index-B2DuZ1rG.css                                                [39m[1m[2m 62.67 kB[22m[1m[22m[2m │ gzip:  13.59 kB[22m
[2mdist/[22m[36massets/Skeleton.vue_vue_type_script_setup_true_lang-DA0aUB6n.js          [39m[1m[2m  0.35 kB[22m[1m[22m[2m │ gzip:   0.27 kB[22m
[2mdist/[22m[36massets/useSeedQ-4h_qFbpW.js                                              [39m[1m[2m  0.38 kB[22m[1m[22m[2m │ gzip:   0.27 kB[22m
[2mdist/[22m[36massets/Badge.vue_vue_type_script_setup_true_lang-DtKImY_6.js             [39m[1m[2m  0.62 kB[22m[1m[22m[2m │ gzip:   0.40 kB[22m
[2mdist/[22m[36massets/EmptyState.vue_vue_type_script_setup_true_lang-BKgNpKT1.js        [39m[1m[2m  0.74 kB[22m[1m[22m[2m │ gzip:   0.43 kB[22m
[2mdist/[22m[36massets/NctMascotScene-B99zw8n2.js                                        [39m[1m[2m  0.97 kB[22m[1m[22m[2m │ gzip:   0.51 kB[22m
[2mdist/[22m[36massets/errors-Cj7OkOzg.js                                                [39m[1m[2m  1.00 kB[22m[1m[22m[2m │ gzip:   0.55 kB[22m
[2mdist/[22m[36massets/useAdminFeedback-CjxLThVN.js                                      [39m[1m[2m  1.20 kB[22m[1m[22m[2m │ gzip:   0.71 kB[22m
[2mdist/[22m[36massets/SegmentedControl.vue_vue_type_script_setup_true_lang-DkJTbqW4.js  [39m[1m[2m  1.29 kB[22m[1m[22m[2m │ gzip:   0.72 kB[22m
[2mdist/[22m[36massets/Button.vue_vue_type_script_setup_true_lang-GWGJQaxC.js            [39m[1m[2m  1.41 kB[22m[1m[22m[2m │ gzip:   0.77 kB[22m
[2mdist/[22m[36massets/LoginPage-DWpPDUZQ.js                                             [39m[1m[2m  8.97 kB[22m[1m[22m[2m │ gzip:   3.67 kB[22m
[2mdist/[22m[36massets/useQuery-mVyDbVMh.js                                              [39m[1m[2m  9.81 kB[22m[1m[22m[2m │ gzip:   3.55 kB[22m
[2mdist/[22m[36massets/AdminLoginPage-CctKvpoo.js                                        [39m[1m[2m 10.16 kB[22m[1m[22m[2m │ gzip:   3.90 kB[22m
[2mdist/[22m[36massets/AnswerBody.vue_vue_type_script_setup_true_lang-B33vKi6l.js        [39m[1m[2m 10.58 kB[22m[1m[22m[2m │ gzip:   4.12 kB[22m
[2mdist/[22m[36massets/DislikedAnswersPage-D0_Q0Ld7.js                                   [39m[1m[2m 10.92 kB[22m[1m[22m[2m │ gzip:   3.68 kB[22m
[2mdist/[22m[36massets/TicketInspector.vue_vue_type_script_setup_true_lang-BW4Fju37.js   [39m[1m[2m 13.29 kB[22m[1m[22m[2m │ gzip:   4.27 kB[22m
[2mdist/[22m[36massets/AdminPanelPage-Co8ok1VC.js                                        [39m[1m[2m 13.67 kB[22m[1m[22m[2m │ gzip:   4.57 kB[22m
[2mdist/[22m[36massets/AskPage-bE3nEY1J.js                                               [39m[1m[2m 26.23 kB[22m[1m[22m[2m │ gzip:   8.46 kB[22m
[2mdist/[22m[36massets/TokensPage-BF6RmMWF.js                                            [39m[1m[2m 28.42 kB[22m[1m[22m[2m │ gzip:   8.59 kB[22m
[2mdist/[22m[36massets/StreamPage-EUO_0qcH.js                                            [39m[1m[2m 29.80 kB[22m[1m[22m[2m │ gzip:   9.22 kB[22m
[2mdist/[22m[36massets/DiffPage-BOkDCqUZ.js                                              [39m[1m[2m 36.37 kB[22m[1m[22m[2m │ gzip:  11.17 kB[22m
[2mdist/[22m[36massets/MapPage-CQLBqErS.js                                               [39m[1m[2m 58.27 kB[22m[1m[22m[2m │ gzip:  16.23 kB[22m
[2mdist/[22m[36massets/index-spdBycXf.js                                                 [39m[1m[2m181.88 kB[22m[1m[22m[2m │ gzip:  65.03 kB[22m
[2mdist/[22m[36massets/cytoscape-DOTqSogp.js                                             [39m[1m[33m521.32 kB[39m[22m[2m │ gzip: 163.06 kB[22m
[33m
(!) Some chunks are larger than 500 kB after minification. Consider:
- Using dynamic import() to code-split the application
- Use build.rollupOptions.output.manualChunks to improve chunking: 
https://rollupjs.org/configuration-options/#output-manualchunks
- Adjust chunk size limit for this warning via build.chunkSizeWarningLimit.[39m
[32m✓ built in 21.12s[39m
